../../../sdk/lib/uart.c:12:6:uart_transmit_string.constprop	0	static
../../common/unity.c:139:6:UnityPrint.part.0	0	static
../../src/dilithium/packing.c:175:6:pqcrystals_dilithium_pack_sig.constprop	16	static
../../src/dilithium/poly.c:348:6:pqcrystals_dilithium_poly_challenge.constprop	160	static
../../src/dilithium/polyvec.c:56:6:pqcrystals_dilithium_polyvec_matrix_pointwise_onthefly	1312	static
../../src/dilithium/sign.c:92:5:pqcrystals_dilithium_signature.constprop	42976	static
../../src/dilithium/sign.c:265:5:pqcrystals_dilithium_verify.constprop	24944	static
../../src/dilithium/masked_poly.c:90:5:pqcrystals_dilithium_masked_poly_ptr_chknorm	0	static
../../src/dilithium/masked_sign.c:177:5:pqcrystals_dilithium_masked_signature.constprop	114672	static
../../common/unity.c:248:6:UnityPrintNumber	32	static
../../src/dilithium/sign.c:25:5:pqcrystals_dilithium_crypto_sign_keypair.constprop	18656	static
../../common/unity.c:538:13:UnityTestResultsFailBegin	32	static
../../common/unity.c:570:13:UnityAddMsgIfSpecified.constprop	0	static
../../common/unity.c:1835:6:UnityAssertEqualMemory.constprop	48	static
../../common/unity.c:735:6:UnityAssertEqualIntNumber.part.0.constprop	48	static
main.c:146:6:dilithium_simple	80	static
main.c:195:6:dilithium_mean_sign	32	static
main.c:221:6:dilithium_masked_sign	32	static
main.c:239:6:dilithium_mean_masked_sign	32	static
../../common/unity.c:2250:6:UnityDefaultTestRun	48	static
main.c:265:5:main	32	static
