../../src/dilithium/poly.c:23:6:pqcrystals_dilithium_poly_init_q	0	static
../../src/dilithium/masked_gadgets.c:7:6:pqcrystals_dilithium_masked_gadgets_init_q	0	static
../../src/dilithium/masked_gadgets.c:22:6:pqcrystals_dilithium_masked_gadgets_B2A_q_ptr	0	static
../../../sdk/lib/uart.c:12:6:uart_transmit_string	0	static
../../common/unity.c:139:6:UnityPrint.part.0	32	static
../../common/unity.c:139:6:UnityPrint	0	static
../../../sdk/lib/util.c:66:6:print_u32_int	32	static
../../../sdk/lib/timer.c:4:6:timer_start	0	static
../../../sdk/lib/keccak.c:9:5:keccak_init.isra	0	static
../../../sdk/lib/keccak.c:45:5:keccak_absorb.isra	0	static
../../../sdk/lib/keccak.c:93:5:keccak_finish.isra	0	static
../../src/dilithium/symmetric.c:8:6:pqcrystals_dilithium_dilithium_shake128_stream_init	32	static
../../src/dilithium/symmetric.c:21:6:pqcrystals_dilithium_dilithium_shake256_stream_init	32	static
../../src/dilithium/masked_symmetric.c:18:6:dilithium_masked_shake256_stream_init	32	static
../../../sdk/lib/keccak.c:121:5:keccak_squeeze.isra	0	static
../../src/dilithium/poly.c:274:6:pqcrystals_dilithium_poly_uniform_fromhw	288	static
../../src/dilithium/poly.c:300:6:pqcrystals_dilithium_poly_uniform_eta_fromhw	192	static
../../src/dilithium/poly.c:348:6:pqcrystals_dilithium_poly_challenge	192	static
../../src/dilithium/symmetric.c:91:6:dilithium_shake256	48	static
../../src/dilithium/symmetric.c:128:6:dilithium_shake256_absorb_double	48	static
../../../sdk/lib/ntt_lite.c:124:5:ntt_lite_set_clr.isra	0	static
../../../sdk/lib/ntt_lite.c:135:5:ntt_lite_set_clr_with_twiddle.isra	0	static
../../../sdk/lib/ntt_lite.c:156:12:ntt_lite_load_twiddle_core.isra	0	static
../../src/dilithium/poly.c:41:6:pqcrystals_dilithium_poly_init_invntt	0	static
../../src/dilithium/poly.c:36:6:pqcrystals_dilithium_poly_init_ntt	0	static
../../../sdk/lib/ntt_lite.c:200:12:ntt_lite_ntt_core.isra	0	static
../../src/dilithium/masked_polyvec.c:30:6:pqcrystals_dilithium_masked_polyvecl_t_ntt	48	static
../../src/dilithium/poly.c:84:6:pqcrystals_dilithium_poly_ntt	0	static
../../src/dilithium/polyvec.c:150:6:pqcrystals_dilithium_polyvecl_ntt	32	static
../../../sdk/lib/ntt_lite.c:237:5:ntt_lite_backward_ntt.isra	0	static
../../src/dilithium/polyvec.c:347:6:pqcrystals_dilithium_polyveck_invntt	32	static
../../../sdk/lib/ntt_lite.c:264:12:ntt_lite_pointwise_op.isra	32	static
../../../sdk/lib/ntt_lite.c:301:5:ntt_lite_pwm.isra	0	static
../../../sdk/lib/ntt_lite.c:310:5:ntt_lite_mul_const.isra	0	static
../../../sdk/lib/ntt_lite.c:319:5:ntt_lite_add.isra	0	static
../../src/dilithium/polyvec.c:56:6:pqcrystals_dilithium_polyvec_matrix_pointwise_onthefly	1088	static
../../../sdk/lib/ntt_lite.c:328:5:ntt_lite_add_const.isra	0	static
../../../sdk/lib/ntt_lite.c:355:5:ntt_lite_sub_rev.constprop.isra	0	static
../../../sdk/lib/ntt_lite.c:364:5:ntt_lite_sub_rev_const.isra	0	static
../../../sdk/lib/ntt_lite.c:382:5:ntt_lite_encode.isra	0	static
../../../sdk/lib/ntt_lite.c:423:5:ntt_lite_decode.isra	0	static
../../src/dilithium/masked_poly.c:36:6:pqcrystals_dilithium_masked_poly_ptr_unpack.constprop	16	static
../../../sdk/lib/ntt_lite.c:556:5:ntt_lite_decompose.isra	16	static
../../../sdk/lib/ntt_lite.c:596:5:ntt_lite_read_poly.isra	0	static
../../../sdk/lib/ntt_lite.c:601:5:ntt_lite_chknorm	0	static
../../src/dilithium/sign.c:265:5:pqcrystals_dilithium_verify.constprop	24928	static
../../../sdk/lib/x2x.c:155:5:x2x_ref_a2b.constprop.isra	0	static
../../src/dilithium/masked_poly.c:90:5:pqcrystals_dilithium_masked_poly_ptr_chknorm	48	static
../../src/dilithium/sign.c:25:5:pqcrystals_dilithium_crypto_sign_keypair.constprop	18640	static
../../src/dilithium/sign.c:92:5:pqcrystals_dilithium_signature.constprop	42944	static
../../src/dilithium/masked_sign.c:191:5:pqcrystals_dilithium_masked_signature.constprop	68288	static
../../common/unity.c:570:13:UnityAddMsgIfSpecified.constprop	16	static
../../../sdk/lib/util.c:26:6:print_string	16	static
../../common/unity.c:248:6:UnityPrintNumber	32	static
../../common/unity.c:495:13:UnityTestResultsBegin	32	static
../../common/unity.c:538:13:UnityTestResultsFailBegin	32	static
../../common/unity.c:2250:6:UnityDefaultTestRun	48	static
../../common/unity.c:735:6:UnityAssertEqualIntNumber.constprop	32	static
main.c:195:6:dilithium_mean_sign	32	static
main.c:239:6:dilithium_mean_masked_sign	32	static
../../common/unity.c:1835:6:UnityAssertEqualMemory.constprop	32	static
main.c:146:6:dilithium_simple	64	static
main.c:221:6:dilithium_masked_sign	32	static
main.c:265:5:main	48	static
